Requirement already satisfied: pip in ./.venv/lib/python3.12/site-packages (26.2.1)
Looking in indexes: https://download.pytorch.org/whl/cu124
Requirement already satisfied: torch in ./.venv/lib/python3.12/site-packages (2.6.0+cu124)
Requirement already satisfied: torchvision in ./.venv/lib/python3.12/site-packages (0.21.0+cu124)
Requirement already satisfied: torchaudio in ./.venv/lib/python3.12/site-packages (2.6.0+cu124)
Requirement already satisfied: filelock in ./.venv/lib/python3.12/site-packages (from torch) (3.32.3)
Requirement already satisfied: typing-extensions>=4.10.0 in ./.venv/lib/python3.12/site-packages (from torch) (4.16.0)
Requirement already satisfied: networkx in ./.venv/lib/python3.12/site-packages (from torch) (3.6.1)
Requirement already satisfied: jinja2 in ./.venv/lib/python3.12/site-packages (from torch) (3.1.6)
Requirement already satisfied: fsspec in ./.venv/lib/python3.12/site-packages (from torch) (2026.7.0)
Requirement already satisfied: nvidia-cuda-nvrtc-cu12==12.4.127 in ./.venv/lib/python3.12/site-packages (from torch) (12.4.127)
Requirement already satisfied: nvidia-cuda-runtime-cu12==12.4.127 in ./.venv/lib/python3.12/site-packages (from torch) (12.4.127)
Requirement already satisfied: nvidia-cuda-cupti-cu12==12.4.127 in ./.venv/lib/python3.12/site-packages (from torch) (12.4.127)
Requirement already satisfied: nvidia-cudnn-cu12==9.1.0.70 in ./.venv/lib/python3.12/site-packages (from torch) (9.1.0.70)
Requirement already satisfied: nvidia-cublas-cu12==12.4.5.8 in ./.venv/lib/python3.12/site-packages (from torch) (12.4.5.8)
Requirement already satisfied: nvidia-cufft-cu12==11.2.1.3 in ./.venv/lib/python3.12/site-packages (from torch) (11.2.1.3)
Requirement already satisfied: nvidia-curand-cu12==10.3.5.147 in ./.venv/lib/python3.12/site-packages (from torch) (10.3.5.147)
Requirement already satisfied: nvidia-cusolver-cu12==11.6.1.9 in ./.venv/lib/python3.12/site-packages (from torch) (11.6.1.9)
Requirement already satisfied: nvidia-cusparse-cu12==12.3.1.170 in ./.venv/lib/python3.12/site-packages (from torch) (12.3.1.170)
Requirement already satisfied: nvidia-cusparselt-cu12==0.6.2 in ./.venv/lib/python3.12/site-packages (from torch) (0.6.2)
Requirement already satisfied: nvidia-nccl-cu12==2.21.5 in ./.venv/lib/python3.12/site-packages (from torch) (2.21.5)
Requirement already satisfied: nvidia-nvtx-cu12==12.4.127 in ./.venv/lib/python3.12/site-packages (from torch) (12.4.127)
Requirement already satisfied: nvidia-nvjitlink-cu12==12.4.127 in ./.venv/lib/python3.12/site-packages (from torch) (12.4.127)
Requirement already satisfied: triton==3.2.0 in ./.venv/lib/python3.12/site-packages (from torch) (3.2.0)
Requirement already satisfied: setuptools in ./.venv/lib/python3.12/site-packages (from torch) (78.1.0)
Requirement already satisfied: sympy==1.13.1 in ./.venv/lib/python3.12/site-packages (from torch) (1.13.1)
Requirement already satisfied: mpmath<1.4,>=1.1.0 in ./.venv/lib/python3.12/site-packages (from sympy==1.13.1->torch) (1.3.0)
Requirement already satisfied: numpy in ./.venv/lib/python3.12/site-packages (from torchvision) (2.5.2)
Requirement already satisfied: pillow!=8.3.*,>=5.3.0 in ./.venv/lib/python3.12/site-packages (from torchvision) (12.3.0)
Requirement already satisfied: MarkupSafe>=2.0 in ./.venv/lib/python3.12/site-packages (from jinja2->torch) (3.0.3)
Requirement already satisfied: sentence-transformers in ./.venv/lib/python3.12/site-packages (6.1.0)
Requirement already satisfied: flashrank in ./.venv/lib/python3.12/site-packages (0.2.10)
Requirement already satisfied: pandas in ./.venv/lib/python3.12/site-packages (3.0.6)
Requirement already satisfied: numpy in ./.venv/lib/python3.12/site-packages (2.5.2)
Requirement already satisfied: transformers<6.0.0,>=5.0.0 in ./.venv/lib/python3.12/site-packages (from sentence-transformers) (5.17.0)
Requirement already satisfied: tokenizers>=0.19 in ./.venv/lib/python3.12/site-packages (from sentence-transformers) (0.23.2)
Requirement already satisfied: huggingface-hub<2.0.0,>=1.3.0 in ./.venv/lib/python3.12/site-packages (from sentence-transformers) (1.32.0)
Requirement already satisfied: torch>=2.2 in ./.venv/lib/python3.12/site-packages (from sentence-transformers) (2.6.0+cu124)
Requirement already satisfied: scikit-learn>=1.1.0 in ./.venv/lib/python3.12/site-packages (from sentence-transformers) (1.9.1)
Requirement already satisfied: scipy>=1.0.0 in ./.venv/lib/python3.12/site-packages (from sentence-transformers) (1.18.1)
Requirement already satisfied: typing_extensions>=4.10.0 in ./.venv/lib/python3.12/site-packages (from sentence-transformers) (4.16.0)
Requirement already satisfied: tqdm>=4.0.0 in ./.venv/lib/python3.12/site-packages (from sentence-transformers) (4.70.1)
Requirement already satisfied: click<9.0.0,>=8.4.2 in ./.venv/lib/python3.12/site-packages (from huggingface-hub<2.0.0,>=1.3.0->sentence-transformers) (8.5.0)
Requirement already satisfied: filelock>=3.10.0 in ./.venv/lib/python3.12/site-packages (from huggingface-hub<2.0.0,>=1.3.0->sentence-transformers) (3.32.3)
Requirement already satisfied: fsspec>=2023.5.0 in ./.venv/lib/python3.12/site-packages (from huggingface-hub<2.0.0,>=1.3.0->sentence-transformers) (2026.7.0)
Requirement already satisfied: hf-xet<2.0.0,>=1.5.2 in ./.venv/lib/python3.12/site-packages (from huggingface-hub<2.0.0,>=1.3.0->sentence-transformers) (1.6.0)
Requirement already satisfied: httpx<1,>=0.23.0 in ./.venv/lib/python3.12/site-packages (from huggingface-hub<2.0.0,>=1.3.0->sentence-transformers) (0.28.1)
Requirement already satisfied: packaging>=20.9 in ./.venv/lib/python3.12/site-packages (from huggingface-hub<2.0.0,>=1.3.0->sentence-transformers) (26.3)
Requirement already satisfied: pyyaml>=5.1 in ./.venv/lib/python3.12/site-packages (from huggingface-hub<2.0.0,>=1.3.0->sentence-transformers) (6.0.3)
Requirement already satisfied: anyio in ./.venv/lib/python3.12/site-packages (from httpx<1,>=0.23.0->huggingface-hub<2.0.0,>=1.3.0->sentence-transformers) (4.15.1)
Requirement already satisfied: certifi in ./.venv/lib/python3.12/site-packages (from httpx<1,>=0.23.0->huggingface-hub<2.0.0,>=1.3.0->sentence-transformers) (2026.7.22)
Requirement already satisfied: httpcore==1.* in ./.venv/lib/python3.12/site-packages (from httpx<1,>=0.23.0->huggingface-hub<2.0.0,>=1.3.0->sentence-transformers) (1.0.9)
Requirement already satisfied: idna in ./.venv/lib/python3.12/site-packages (from httpx<1,>=0.23.0->huggingface-hub<2.0.0,>=1.3.0->sentence-transformers) (3.20)
Requirement already satisfied: h11>=0.16 in ./.venv/lib/python3.12/site-packages (from httpcore==1.*->httpx<1,>=0.23.0->huggingface-hub<2.0.0,>=1.3.0->sentence-transformers) (0.16.0)
Requirement already satisfied: regex>=2025.10.22 in ./.venv/lib/python3.12/site-packages (from transformers<6.0.0,>=5.0.0->sentence-transformers) (2026.9.10)
Requirement already satisfied: typer in ./.venv/lib/python3.12/site-packages (from transformers<6.0.0,>=5.0.0->sentence-transformers) (0.27.2)
Requirement already satisfied: safetensors>=0.8.0 in ./.venv/lib/python3.12/site-packages (from transformers<6.0.0,>=5.0.0->sentence-transformers) (0.8.0)
Requirement already satisfied: onnxruntime in ./.venv/lib/python3.12/site-packages (from flashrank) (1.30.0)
Requirement already satisfied: requests in ./.venv/lib/python3.12/site-packages (from flashrank) (2.34.2)
Requirement already satisfied: python-dateutil>=2.8.2 in ./.venv/lib/python3.12/site-packages (from pandas) (2.9.0.post0)
Requirement already satisfied: six>=1.5 in ./.venv/lib/python3.12/site-packages (from python-dateutil>=2.8.2->pandas) (1.17.0)
Requirement already satisfied: joblib>=1.4.0 in ./.venv/lib/python3.12/site-packages (from scikit-learn>=1.1.0->sentence-transformers) (1.6.0)
Requirement already satisfied: narwhals>=2.0.1 in ./.venv/lib/python3.12/site-packages (from scikit-learn>=1.1.0->sentence-transformers) (2.26.0)
Requirement already satisfied: threadpoolctl>=3.5.0 in ./.venv/lib/python3.12/site-packages (from scikit-learn>=1.1.0->sentence-transformers) (3.7.0)
Requirement already satisfied: cloudpickle>=3.0 in ./.venv/lib/python3.12/site-packages (from joblib>=1.4.0->scikit-learn>=1.1.0->sentence-transformers) (3.1.2)
Requirement already satisfied: networkx in ./.venv/lib/python3.12/site-packages (from torch>=2.2->sentence-transformers) (3.6.1)
Requirement already satisfied: jinja2 in ./.venv/lib/python3.12/site-packages (from torch>=2.2->sentence-transformers) (3.1.6)
Requirement already satisfied: nvidia-cuda-nvrtc-cu12==12.4.127 in ./.venv/lib/python3.12/site-packages (from torch>=2.2->sentence-transformers) (12.4.127)
Requirement already satisfied: nvidia-cuda-runtime-cu12==12.4.127 in ./.venv/lib/python3.12/site-packages (from torch>=2.2->sentence-transformers) (12.4.127)
Requirement already satisfied: nvidia-cuda-cupti-cu12==12.4.127 in ./.venv/lib/python3.12/site-packages (from torch>=2.2->sentence-transformers) (12.4.127)
Requirement already satisfied: nvidia-cudnn-cu12==9.1.0.70 in ./.venv/lib/python3.12/site-packages (from torch>=2.2->sentence-transformers) (9.1.0.70)
Requirement already satisfied: nvidia-cublas-cu12==12.4.5.8 in ./.venv/lib/python3.12/site-packages (from torch>=2.2->sentence-transformers) (12.4.5.8)
Requirement already satisfied: nvidia-cufft-cu12==11.2.1.3 in ./.venv/lib/python3.12/site-packages (from torch>=2.2->sentence-transformers) (11.2.1.3)
Requirement already satisfied: nvidia-curand-cu12==10.3.5.147 in ./.venv/lib/python3.12/site-packages (from torch>=2.2->sentence-transformers) (10.3.5.147)
Requirement already satisfied: nvidia-cusolver-cu12==11.6.1.9 in ./.venv/lib/python3.12/site-packages (from torch>=2.2->sentence-transformers) (11.6.1.9)
Requirement already satisfied: nvidia-cusparse-cu12==12.3.1.170 in ./.venv/lib/python3.12/site-packages (from torch>=2.2->sentence-transformers) (12.3.1.170)
Requirement already satisfied: nvidia-cusparselt-cu12==0.6.2 in ./.venv/lib/python3.12/site-packages (from torch>=2.2->sentence-transformers) (0.6.2)
Requirement already satisfied: nvidia-nccl-cu12==2.21.5 in ./.venv/lib/python3.12/site-packages (from torch>=2.2->sentence-transformers) (2.21.5)
Requirement already satisfied: nvidia-nvtx-cu12==12.4.127 in ./.venv/lib/python3.12/site-packages (from torch>=2.2->sentence-transformers) (12.4.127)
Requirement already satisfied: nvidia-nvjitlink-cu12==12.4.127 in ./.venv/lib/python3.12/site-packages (from torch>=2.2->sentence-transformers) (12.4.127)
Requirement already satisfied: triton==3.2.0 in ./.venv/lib/python3.12/site-packages (from torch>=2.2->sentence-transformers) (3.2.0)
Requirement already satisfied: setuptools in ./.venv/lib/python3.12/site-packages (from torch>=2.2->sentence-transformers) (78.1.0)
Requirement already satisfied: sympy==1.13.1 in ./.venv/lib/python3.12/site-packages (from torch>=2.2->sentence-transformers) (1.13.1)
Requirement already satisfied: mpmath<1.4,>=1.1.0 in ./.venv/lib/python3.12/site-packages (from sympy==1.13.1->torch>=2.2->sentence-transformers) (1.3.0)
Requirement already satisfied: MarkupSafe>=2.0 in ./.venv/lib/python3.12/site-packages (from jinja2->torch>=2.2->sentence-transformers) (3.0.3)
Requirement already satisfied: flatbuffers in ./.venv/lib/python3.12/site-packages (from onnxruntime->flashrank) (25.12.19)
Requirement already satisfied: protobuf>=4.25.8 in ./.venv/lib/python3.12/site-packages (from onnxruntime->flashrank) (7.36.2)
Requirement already satisfied: charset_normalizer<4,>=2 in ./.venv/lib/python3.12/site-packages (from requests->flashrank) (3.5.1)
Requirement already satisfied: urllib3<3,>=1.26 in ./.venv/lib/python3.12/site-packages (from requests->flashrank) (2.8.0)
Requirement already satisfied: shellingham>=1.3.0 in ./.venv/lib/python3.12/site-packages (from typer->transformers<6.0.0,>=5.0.0->sentence-transformers) (1.5.4)
Requirement already satisfied: rich>=13.8.0 in ./.venv/lib/python3.12/site-packages (from typer->transformers<6.0.0,>=5.0.0->sentence-transformers) (15.0.0)
Requirement already satisfied: annotated-doc>=0.0.2 in ./.venv/lib/python3.12/site-packages (from typer->transformers<6.0.0,>=5.0.0->sentence-transformers) (0.0.5)
Requirement already satisfied: markdown-it-py>=2.2.0 in ./.venv/lib/python3.12/site-packages (from rich>=13.8.0->typer->transformers<6.0.0,>=5.0.0->sentence-transformers) (4.2.0)
Requirement already satisfied: pygments<3.0.0,>=2.13.0 in ./.venv/lib/python3.12/site-packages (from rich>=13.8.0->typer->transformers<6.0.0,>=5.0.0->sentence-transformers) (2.21.0)
Requirement already satisfied: mdurl~=0.1 in ./.venv/lib/python3.12/site-packages (from markdown-it-py>=2.2.0->rich>=13.8.0->typer->transformers<6.0.0,>=5.0.0->sentence-transformers) (0.1.2)
host=gpu-04 job=276134 CUDA_VISIBLE_DEVICES=3
Thu Sep 24 12:54:29 2026       
+-----------------------------------------------------------------------------------------+
| NVIDIA-SMI 570.195.03             Driver Version: 570.195.03     CUDA Version: 12.8     |
|-----------------------------------------+------------------------+----------------------+
| GPU  Name                 Persistence-M | Bus-Id          Disp.A | Volatile Uncorr. ECC |
| Fan  Temp   Perf          Pwr:Usage/Cap |           Memory-Usage | GPU-Util  Compute M. |
|                                         |                        |               MIG M. |
|=========================================+========================+======================|
|   0  NVIDIA A100-SXM4-40GB          On  |   00000000:01:00.0 Off |                    0 |
| N/A   34C    P0            121W /  400W |    1981MiB /  40960MiB |     93%      Default |
|                                         |                        |             Disabled |
+-----------------------------------------+------------------------+----------------------+
|   1  NVIDIA A100-SXM4-40GB          On  |   00000000:41:00.0 Off |                    0 |
| N/A   34C    P0            120W /  400W |    1981MiB /  40960MiB |     93%      Default |
|                                         |                        |             Disabled |
+-----------------------------------------+------------------------+----------------------+
|   2  NVIDIA A100-SXM4-40GB          On  |   00000000:81:00.0 Off |                    0 |
| N/A   27C    P0             56W /  400W |       4MiB /  40960MiB |      0%      Default |
|                                         |                        |             Disabled |
+-----------------------------------------+------------------------+----------------------+
|   3  NVIDIA A100-SXM4-40GB          On  |   00000000:C1:00.0 Off |                    0 |
| N/A   26C    P0             53W /  400W |       4MiB /  40960MiB |      0%      Default |
|                                         |                        |             Disabled |
+-----------------------------------------+------------------------+----------------------+
                                                                                         
+-----------------------------------------------------------------------------------------+
| Processes:                                                                              |
|  GPU   GI   CI              PID   Type   Process name                        GPU Memory |
|        ID   ID                                                               Usage      |
|=========================================================================================|
|    0   N/A  N/A         1787669      C   ...ng/spider/venv_feb/bin/python       1972MiB |
|    1   N/A  N/A         1787670      C   ...ng/spider/venv_feb/bin/python       1972MiB |
+-----------------------------------------------------------------------------------------+
CUDA available: True
GPU: NVIDIA A100-SXM4-40GB
{
  "Recall@1": 0.0,
  "Recall@3": 0.0,
  "Recall@5": 0.04,
  "Recall@10": 0.26,
  "Recall@20": 0.78,
  "MRR@10": 0.03671428571428571
}
